// Jest Snapshot v1, https://goo.gl/fbAQLP

exports[`Components/Table should render 1`] = `
<div>
  <div
    class="Tablestyles__TableBlock-sc-1s0jmbg-0 YYiKP"
  >
    <table
      class="Tablestyles__TableContainer-sc-1s0jmbg-1 fyCJcI"
    >
      <thead
        class="Tablestyles__TableHead-sc-1s0jmbg-5 hKGmRx"
      >
        <tr
          class="Tablestyles__TableRow-sc-1s0jmbg-2 eXhRhL"
        >
          <th
            class="Tablestyles__TableHeader-sc-1s0jmbg-3 gPnLjD"
          >
            First Name
          </th>
          <th
            class="Tablestyles__TableHeader-sc-1s0jmbg-3 gPnLjD"
          >
            Last Name
          </th>
          <th
            class="Tablestyles__TableHeader-sc-1s0jmbg-3 gPnLjD"
          >
            e-mail
          </th>
          <th
            class="Tablestyles__TableHeader-sc-1s0jmbg-3 gPnLjD"
          >
            Date of Birth
          </th>
          <th
            class="Tablestyles__TableHeader-sc-1s0jmbg-3 gPnLjD"
          >
            Industry
          </th>
          <th
            class="Tablestyles__TableHeader-sc-1s0jmbg-3 gPnLjD"
          >
            Salary
          </th>
          <th
            class="Tablestyles__TableHeader-sc-1s0jmbg-3 gPnLjD"
          >
            Years of Experience
          </th>
        </tr>
      </thead>
      <tbody
        class="Tablestyles__TableBody-sc-1s0jmbg-6"
      />
    </table>
  </div>
</div>
`;
